// Jest Snapshot v1, https://goo.gl/fbAQLP

exports[`<ActionsPanel /> should match snapshot 1`] = `ShallowWrapper {}`;
