// Jest Snapshot v1, https://goo.gl/fbAQLP

exports[`<Calc /> should match snapshot 1`] = `ShallowWrapper {}`;
