// Jest Snapshot v1, https://goo.gl/fbAQLP

exports[`<Display /> should match snapshot 1`] = `ShallowWrapper {}`;
